// Jest Snapshot v1, https://goo.gl/fbAQLP

exports[`Circle Component Circle in Changing state 1`] = `
<div
  className="content "
>
  <div
    className="text text_type_input text_color_input mb-4 absolute head element"
  />
  <div
    className="circle   changing"
    id="circle-index-undefined"
  >
    <p
      className="text text_type_circle text_color_input letter"
    />
  </div>
  <p
    className="text text_type_input text_color_input mt-4 absolute index"
  />
  <div
    className="text text_type_input text_color_input mt-4 absolute tail30 element"
  />
</div>
`;

exports[`Circle Component Circle in Default state 1`] = `
<div
  className="content "
>
  <div
    className="text text_type_input text_color_input mb-4 absolute head element"
  />
  <div
    className="circle   default"
    id="circle-index-undefined"
  >
    <p
      className="text text_type_circle text_color_input letter"
    />
  </div>
  <p
    className="text text_type_input text_color_input mt-4 absolute index"
  />
  <div
    className="text text_type_input text_color_input mt-4 absolute tail30 element"
  />
</div>
`;

exports[`Circle Component Circle in Modified state 1`] = `
<div
  className="content "
>
  <div
    className="text text_type_input text_color_input mb-4 absolute head element"
  />
  <div
    className="circle   modified"
    id="circle-index-undefined"
  >
    <p
      className="text text_type_circle text_color_input letter"
    />
  </div>
  <p
    className="text text_type_input text_color_input mt-4 absolute index"
  />
  <div
    className="text text_type_input text_color_input mt-4 absolute tail30 element"
  />
</div>
`;

exports[`Circle Component Circle is small 1`] = `
<div
  className="content "
>
  <div
    className="text text_type_input text_color_input mb-4 absolute head element"
  />
  <div
    className="circle  small default"
    id="circle-index-undefined"
  >
    <p
      className="text text_type_circle text_color_input letter"
    />
  </div>
  <p
    className="text text_type_input text_color_input mt-4 absolute index"
  />
  <div
    className="text text_type_input text_color_input mt-4 absolute tail30 element"
  />
</div>
`;

exports[`Circle Component Circle with head 1`] = `
<div
  className="content "
>
  <div
    className="text text_type_input text_color_input mb-4 absolute head string"
  >
    head
  </div>
  <div
    className="circle   default"
    id="circle-index-undefined"
  >
    <p
      className="text text_type_circle text_color_input letter"
    />
  </div>
  <p
    className="text text_type_input text_color_input mt-4 absolute index"
  />
  <div
    className="text text_type_input text_color_input mt-4 absolute tail30 element"
  />
</div>
`;

exports[`Circle Component Circle with head has react-element inside 1`] = `
<div
  className="content "
>
  <div
    className="text text_type_input text_color_input mb-4 absolute head element"
  >
    <div
      className="content "
    >
      <div
        className="text text_type_input text_color_input mb-4 absolute head element"
      />
      <div
        className="circle  small default"
        id="circle-index-undefined"
      >
        <p
          className="text text_type_circle text_color_input letter"
        />
      </div>
      <p
        className="text text_type_input text_color_input mt-4 absolute index"
      />
      <div
        className="text text_type_input text_color_input mt-4 absolute tail30 element"
      />
    </div>
  </div>
  <div
    className="circle   default"
    id="circle-index-undefined"
  >
    <p
      className="text text_type_circle text_color_input letter"
    />
  </div>
  <p
    className="text text_type_input text_color_input mt-4 absolute index"
  />
  <div
    className="text text_type_input text_color_input mt-4 absolute tail30 element"
  />
</div>
`;

exports[`Circle Component Circle with index 1`] = `
<div
  className="content "
>
  <div
    className="text text_type_input text_color_input mb-4 absolute head element"
  />
  <div
    className="circle   default"
    id="circle-index-1"
  >
    <p
      className="text text_type_circle text_color_input letter"
    />
  </div>
  <p
    className="text text_type_input text_color_input mt-4 absolute index"
  />
  <div
    className="text text_type_input text_color_input mt-4 absolute tail30 element"
  />
</div>
`;

exports[`Circle Component Circle with letter 1`] = `
<div
  className="content "
>
  <div
    className="text text_type_input text_color_input mb-4 absolute head element"
  />
  <div
    className="circle   default"
    id="circle-index-undefined"
  >
    <p
      className="text text_type_circle text_color_input letter"
    >
      A
    </p>
  </div>
  <p
    className="text text_type_input text_color_input mt-4 absolute index"
  />
  <div
    className="text text_type_input text_color_input mt-4 absolute tail30 element"
  />
</div>
`;

exports[`Circle Component Circle with tail 1`] = `
<div
  className="content "
>
  <div
    className="text text_type_input text_color_input mb-4 absolute head element"
  />
  <div
    className="circle   default"
    id="circle-index-undefined"
  >
    <p
      className="text text_type_circle text_color_input letter"
    />
  </div>
  <p
    className="text text_type_input text_color_input mt-4 absolute index"
  />
  <div
    className="text text_type_input text_color_input mt-4 absolute tail30 string"
  >
    tail
  </div>
</div>
`;

exports[`Circle Component Circle with tail has react-element inside 1`] = `
<div
  className="content "
>
  <div
    className="text text_type_input text_color_input mb-4 absolute head element"
  />
  <div
    className="circle   default"
    id="circle-index-undefined"
  >
    <p
      className="text text_type_circle text_color_input letter"
    />
  </div>
  <p
    className="text text_type_input text_color_input mt-4 absolute index"
  />
  <div
    className="text text_type_input text_color_input mt-4 absolute tail30 element"
  >
    <div
      className="content "
    >
      <div
        className="text text_type_input text_color_input mb-4 absolute head element"
      />
      <div
        className="circle  small default"
        id="circle-index-undefined"
      >
        <p
          className="text text_type_circle text_color_input letter"
        />
      </div>
      <p
        className="text text_type_input text_color_input mt-4 absolute index"
      />
      <div
        className="text text_type_input text_color_input mt-4 absolute tail30 element"
      />
    </div>
  </div>
</div>
`;

exports[`Circle Component Circle without letter 1`] = `
<div
  className="content "
>
  <div
    className="text text_type_input text_color_input mb-4 absolute head element"
  />
  <div
    className="circle   default"
    id="circle-index-undefined"
  >
    <p
      className="text text_type_circle text_color_input letter"
    />
  </div>
  <p
    className="text text_type_input text_color_input mt-4 absolute index"
  />
  <div
    className="text text_type_input text_color_input mt-4 absolute tail30 element"
  />
</div>
`;
